#0 building with "desktop-linux" instance using docker driver

#1 [internal] load build definition from Dockerfile
#1 transferring dockerfile:
#1 transferring dockerfile: 1.56kB 0.0s done
#1 DONE 2.2s

#2 [internal] load metadata for docker.io/library/python:3.14-slim-bookworm@sha256:9ab8d9c8514b44f90cf0029dd42fdd7e9e211e639c8b995304cc04568dee900f
#2 ...

#3 [auth] library/python:pull token for registry-1.docker.io
#3 DONE 0.0s

#2 [internal] load metadata for docker.io/library/python:3.14-slim-bookworm@sha256:9ab8d9c8514b44f90cf0029dd42fdd7e9e211e639c8b995304cc04568dee900f
#2 DONE 5.7s

#4 [internal] load .dockerignore
#4 transferring context:
#4 transferring context: 390B done
#4 DONE 2.2s

#5 [internal] load build context
#5 DONE 0.0s

#6 [builder 1/5] FROM docker.io/library/python:3.14-slim-bookworm@sha256:9ab8d9c8514b44f90cf0029dd42fdd7e9e211e639c8b995304cc04568dee900f
#6 resolve docker.io/library/python:3.14-slim-bookworm@sha256:9ab8d9c8514b44f90cf0029dd42fdd7e9e211e639c8b995304cc04568dee900f
#6 resolve docker.io/library/python:3.14-slim-bookworm@sha256:9ab8d9c8514b44f90cf0029dd42fdd7e9e211e639c8b995304cc04568dee900f 0.9s done
#6 ...

#5 [internal] load build context
#5 transferring context: 1.29MB 1.3s done
#5 DONE 5.5s

#6 [builder 1/5] FROM docker.io/library/python:3.14-slim-bookworm@sha256:9ab8d9c8514b44f90cf0029dd42fdd7e9e211e639c8b995304cc04568dee900f
#6 DONE 9.4s

#6 [builder 1/5] FROM docker.io/library/python:3.14-slim-bookworm@sha256:9ab8d9c8514b44f90cf0029dd42fdd7e9e211e639c8b995304cc04568dee900f
#6 sha256:99d360fbd25250bb4349859a6556c0836ee8c8c3fc3014c109e4f320bd222dbf 0B / 250B 0.2s
#6 sha256:99d360fbd25250bb4349859a6556c0836ee8c8c3fc3014c109e4f320bd222dbf 250B / 250B 0.3s
#6 sha256:9596f377abc3c13ac8f2636ecdab04df19c547d843fc949e1ddc5e539eb426d6 0B / 13.04MB 0.2s
#6 sha256:9596f377abc3c13ac8f2636ecdab04df19c547d843fc949e1ddc5e539eb426d6 1.05MB / 13.04MB 0.6s
#6 sha256:24baaf68708e97dda9f7b41999c83989cd28bf0414f83dbd5a045a6d2e5dfb8e 0B / 3.53MB 0.2s
#6 sha256:9596f377abc3c13ac8f2636ecdab04df19c547d843fc949e1ddc5e539eb426d6 2.10MB / 13.04MB 0.9s
#6 sha256:99d360fbd25250bb4349859a6556c0836ee8c8c3fc3014c109e4f320bd222dbf 250B / 250B 1.5s done
#6 sha256:a8ac7f6c67abc236e4c745052c404112b8fab6fe8ac3a329d1ef3b867ad67c71 0B / 28.23MB 0.2s
#6 sha256:9596f377abc3c13ac8f2636ecdab04df19c547d843fc949e1ddc5e539eb426d6 3.15MB / 13.04MB 1.2s
#6 sha256:24baaf68708e97dda9f7b41999c83989cd28bf0414f83dbd5a045a6d2e5dfb8e 1.05MB / 3.53MB 0.9s
#6 sha256:24baaf68708e97dda9f7b41999c83989cd28bf0414f83dbd5a045a6d2e5dfb8e 2.10MB / 3.53MB 1.5s
#6 sha256:9596f377abc3c13ac8f2636ecdab04df19c547d843fc949e1ddc5e539eb426d6 4.19MB / 13.04MB 2.0s
#6 sha256:24baaf68708e97dda9f7b41999c83989cd28bf0414f83dbd5a045a6d2e5dfb8e 3.15MB / 3.53MB 1.8s
#6 sha256:24baaf68708e97dda9f7b41999c83989cd28bf0414f83dbd5a045a6d2e5dfb8e 3.53MB / 3.53MB 2.0s
#6 sha256:9596f377abc3c13ac8f2636ecdab04df19c547d843fc949e1ddc5e539eb426d6 5.24MB / 13.04MB 2.4s
#6 sha256:9596f377abc3c13ac8f2636ecdab04df19c547d843fc949e1ddc5e539eb426d6 6.29MB / 13.04MB 2.9s
#6 sha256:9596f377abc3c13ac8f2636ecdab04df19c547d843fc949e1ddc5e539eb426d6 7.34MB / 13.04MB 3.2s
#6 sha256:24baaf68708e97dda9f7b41999c83989cd28bf0414f83dbd5a045a6d2e5dfb8e 3.53MB / 3.53MB 2.4s done
#6 sha256:9596f377abc3c13ac8f2636ecdab04df19c547d843fc949e1ddc5e539eb426d6 8.39MB / 13.04MB 3.3s
#6 sha256:9596f377abc3c13ac8f2636ecdab04df19c547d843fc949e1ddc5e539eb426d6 9.44MB / 13.04MB 3.6s
#6 sha256:a8ac7f6c67abc236e4c745052c404112b8fab6fe8ac3a329d1ef3b867ad67c71 2.10MB / 28.23MB 2.6s
#6 sha256:9596f377abc3c13ac8f2636ecdab04df19c547d843fc949e1ddc5e539eb426d6 10.49MB / 13.04MB 3.8s
#6 sha256:9596f377abc3c13ac8f2636ecdab04df19c547d843fc949e1ddc5e539eb426d6 11.53MB / 13.04MB 4.1s
#6 sha256:9596f377abc3c13ac8f2636ecdab04df19c547d843fc949e1ddc5e539eb426d6 12.58MB / 13.04MB 4.2s
#6 sha256:a8ac7f6c67abc236e4c745052c404112b8fab6fe8ac3a329d1ef3b867ad67c71 4.19MB / 28.23MB 3.6s
#6 sha256:a8ac7f6c67abc236e4c745052c404112b8fab6fe8ac3a329d1ef3b867ad67c71 6.29MB / 28.23MB 4.2s
#6 sha256:9596f377abc3c13ac8f2636ecdab04df19c547d843fc949e1ddc5e539eb426d6 13.04MB / 13.04MB 5.1s done
#6 sha256:a8ac7f6c67abc236e4c745052c404112b8fab6fe8ac3a329d1ef3b867ad67c71 8.39MB / 28.23MB 5.4s
#6 sha256:a8ac7f6c67abc236e4c745052c404112b8fab6fe8ac3a329d1ef3b867ad67c71 10.49MB / 28.23MB 6.5s
#6 sha256:a8ac7f6c67abc236e4c745052c404112b8fab6fe8ac3a329d1ef3b867ad67c71 12.58MB / 28.23MB 7.2s
#6 sha256:a8ac7f6c67abc236e4c745052c404112b8fab6fe8ac3a329d1ef3b867ad67c71 14.68MB / 28.23MB 7.9s
#6 sha256:a8ac7f6c67abc236e4c745052c404112b8fab6fe8ac3a329d1ef3b867ad67c71 16.78MB / 28.23MB 8.7s
#6 sha256:a8ac7f6c67abc236e4c745052c404112b8fab6fe8ac3a329d1ef3b867ad67c71 18.87MB / 28.23MB 9.1s
#6 sha256:a8ac7f6c67abc236e4c745052c404112b8fab6fe8ac3a329d1ef3b867ad67c71 20.97MB / 28.23MB 9.7s
#6 sha256:a8ac7f6c67abc236e4c745052c404112b8fab6fe8ac3a329d1ef3b867ad67c71 23.07MB / 28.23MB 10.5s
#6 sha256:a8ac7f6c67abc236e4c745052c404112b8fab6fe8ac3a329d1ef3b867ad67c71 25.17MB / 28.23MB 11.1s
#6 sha256:a8ac7f6c67abc236e4c745052c404112b8fab6fe8ac3a329d1ef3b867ad67c71 27.26MB / 28.23MB 11.5s
#6 sha256:a8ac7f6c67abc236e4c745052c404112b8fab6fe8ac3a329d1ef3b867ad67c71 28.23MB / 28.23MB 12.9s done
#6 DONE 24.5s

#6 [builder 1/5] FROM docker.io/library/python:3.14-slim-bookworm@sha256:9ab8d9c8514b44f90cf0029dd42fdd7e9e211e639c8b995304cc04568dee900f
#6 extracting sha256:a8ac7f6c67abc236e4c745052c404112b8fab6fe8ac3a329d1ef3b867ad67c71
#6 extracting sha256:a8ac7f6c67abc236e4c745052c404112b8fab6fe8ac3a329d1ef3b867ad67c71 2.3s done
#6 DONE 26.8s

#6 [builder 1/5] FROM docker.io/library/python:3.14-slim-bookworm@sha256:9ab8d9c8514b44f90cf0029dd42fdd7e9e211e639c8b995304cc04568dee900f
#6 extracting sha256:24baaf68708e97dda9f7b41999c83989cd28bf0414f83dbd5a045a6d2e5dfb8e
#6 extracting sha256:24baaf68708e97dda9f7b41999c83989cd28bf0414f83dbd5a045a6d2e5dfb8e 1.0s done
#6 DONE 27.8s

#6 [builder 1/5] FROM docker.io/library/python:3.14-slim-bookworm@sha256:9ab8d9c8514b44f90cf0029dd42fdd7e9e211e639c8b995304cc04568dee900f
#6 extracting sha256:9596f377abc3c13ac8f2636ecdab04df19c547d843fc949e1ddc5e539eb426d6
#6 extracting sha256:9596f377abc3c13ac8f2636ecdab04df19c547d843fc949e1ddc5e539eb426d6 1.7s done
#6 DONE 29.6s

#6 [builder 1/5] FROM docker.io/library/python:3.14-slim-bookworm@sha256:9ab8d9c8514b44f90cf0029dd42fdd7e9e211e639c8b995304cc04568dee900f
#6 extracting sha256:99d360fbd25250bb4349859a6556c0836ee8c8c3fc3014c109e4f320bd222dbf
#6 extracting sha256:99d360fbd25250bb4349859a6556c0836ee8c8c3fc3014c109e4f320bd222dbf 1.0s done
#6 DONE 30.6s

#7 [builder 2/5] WORKDIR /build
#7 ...

#8 [runtime 2/6] WORKDIR /app
#8 ...

#7 [builder 2/5] WORKDIR /build
#7 DONE 12.7s

#8 [runtime 2/6] WORKDIR /app
#8 DONE 13.0s

#9 [builder 3/5] COPY pyproject.toml README.md requirements-build.lock ./
#9 DONE 5.4s

#10 [builder 4/5] COPY meco_news ./meco_news
#10 DONE 3.4s

#11 [builder 5/5] RUN python -m pip install --no-cache-dir --require-hashes --no-deps -r requirements-build.lock     && python -m pip wheel --no-cache-dir --no-deps --no-build-isolation --wheel-dir /build/wheels .
#11 7.741 Collecting setuptools==75.8.0 (from -r requirements-build.lock (line 1))
#11 8.113   Downloading setuptools-75.8.0-py3-none-any.whl (1.2 MB)
#11 8.617      ━━━━━━━━━━━━━━━━━━━━━━━━━━━━━━━━━━━━━━━━ 1.2/1.2 MB 3.2 MB/s  0:00:00
#11 8.739 Collecting wheel==0.45.1 (from -r requirements-build.lock (line 3))
#11 8.807   Downloading wheel-0.45.1-py3-none-any.whl (72 kB)
#11 8.895 Collecting annotated-types==0.8.0 (from -r requirements-build.lock (line 5))
#11 8.965   Downloading annotated_types-0.8.0-py3-none-any.whl (13 kB)
#11 9.044 Collecting certifi==2026.7.22 (from -r requirements-build.lock (line 7))
#11 9.107   Downloading certifi-2026.7.22-py3-none-any.whl (136 kB)
#11 9.430 Collecting cffi==2.1.1 (from -r requirements-build.lock (line 9))
#11 9.493   Downloading cffi-2.1.1-cp314-cp314-manylinux2014_x86_64.manylinux_2_17_x86_64.whl (221 kB)
#11 9.788 Collecting charset-normalizer==3.5.1 (from -r requirements-build.lock (line 12))
#11 9.854   Downloading charset_normalizer-3.5.1-cp314-cp314-manylinux2014_x86_64.manylinux_2_17_x86_64.manylinux_2_28_x86_64.whl (251 kB)
#11 10.33 Collecting cryptography==50.0.1 (from -r requirements-build.lock (line 15))
#11 10.40   Downloading cryptography-50.0.1-cp311-abi3-manylinux2014_x86_64.manylinux_2_17_x86_64.whl (4.7 MB)
#11 11.04      ━━━━━━━━━━━━━━━━━━━━━━━━━━━━━━━━━━━━━━━━ 4.7/4.7 MB 7.7 MB/s  0:00:00
#11 11.13 Collecting dnspython==2.8.0 (from -r requirements-build.lock (line 18))
#11 11.19   Downloading dnspython-2.8.0-py3-none-any.whl (331 kB)
#11 11.33 Collecting email-validator==2.3.0 (from -r requirements-build.lock (line 20))
#11 11.39   Downloading email_validator-2.3.0-py3-none-any.whl (35 kB)
#11 11.47 Collecting id==1.6.1 (from -r requirements-build.lock (line 22))
#11 11.54   Downloading id-1.6.1-py3-none-any.whl (14 kB)
#11 11.62 Collecting idna==3.19 (from -r requirements-build.lock (line 24))
#11 11.70   Downloading idna-3.19-py3-none-any.whl (68 kB)
#11 11.80 Collecting markdown-it-py==4.2.0 (from -r requirements-build.lock (line 26))
#11 11.87   Downloading markdown_it_py-4.2.0-py3-none-any.whl (91 kB)
#11 11.97 Collecting mdurl==0.1.2 (from -r requirements-build.lock (line 28))
#11 12.04   Downloading mdurl-0.1.2-py3-none-any.whl (10.0 kB)
#11 12.12 Collecting platformdirs==4.11.8 (from -r requirements-build.lock (line 30))
#11 12.19   Downloading platformdirs-4.11.8-py3-none-any.whl (24 kB)
#11 12.28 Collecting pyasn1==0.6.4 (from -r requirements-build.lock (line 32))
#11 12.37   Downloading pyasn1-0.6.4-py3-none-any.whl (84 kB)
#11 12.49 Collecting pycparser==3.0 (from -r requirements-build.lock (line 34))
#11 12.56   Downloading pycparser-3.0-py3-none-any.whl (48 kB)
#11 12.80 Collecting pydantic==2.13.5 (from -r requirements-build.lock (line 36))
#11 12.87   Downloading pydantic-2.13.5-py3-none-any.whl (472 kB)
#11 14.14 Collecting pydantic-core==2.46.5 (from -r requirements-build.lock (line 38))
#11 14.21   Downloading pydantic_core-2.46.5-cp314-cp314-manylinux_2_17_x86_64.manylinux2014_x86_64.whl (2.1 MB)
#11 14.46      ━━━━━━━━━━━━━━━━━━━━━━━━━━━━━━━━━━━━━━━━ 2.1/2.1 MB 8.0 MB/s  0:00:00
#11 14.55 Collecting pygments==2.21.0 (from -r requirements-build.lock (line 41))
#11 14.62   Downloading pygments-2.21.0-py3-none-any.whl (1.3 MB)
#11 14.79      ━━━━━━━━━━━━━━━━━━━━━━━━━━━━━━━━━━━━━━━━ 1.3/1.3 MB 7.5 MB/s  0:00:00
#11 14.88 Collecting pyjwt==2.14.0 (from -r requirements-build.lock (line 43))
#11 14.94   Downloading pyjwt-2.14.0-py3-none-any.whl (32 kB)
#11 15.11 Collecting pyopenssl==26.4.0 (from -r requirements-build.lock (line 45))
#11 15.18   Downloading pyopenssl-26.4.0-py3-none-any.whl (56 kB)
#11 15.28 Collecting requests==2.34.2 (from -r requirements-build.lock (line 47))
#11 15.34   Downloading requests-2.34.2-py3-none-any.whl (73 kB)
#11 15.44 Collecting rfc3161-client==1.0.8 (from -r requirements-build.lock (line 49))
#11 15.52   Downloading rfc3161_client-1.0.8-cp39-abi3-manylinux_2_17_x86_64.manylinux2014_x86_64.whl (2.4 MB)
#11 15.82      ━━━━━━━━━━━━━━━━━━━━━━━━━━━━━━━━━━━━━━━━ 2.4/2.4 MB 8.2 MB/s  0:00:00
#11 15.89 Collecting rfc8785==0.1.4 (from -r requirements-build.lock (line 52))
#11 15.97   Downloading rfc8785-0.1.4-py3-none-any.whl (9.2 kB)
#11 16.08 Collecting rich==15.0.0 (from -r requirements-build.lock (line 54))
#11 16.14   Downloading rich-15.0.0-py3-none-any.whl (310 kB)
#11 16.26 Collecting securesystemslib==1.5.1 (from -r requirements-build.lock (line 56))
#11 16.32   Downloading securesystemslib-1.5.1-py3-none-any.whl (876 kB)
#11 16.49      ━━━━━━━━━━━━━━━━━━━━━━━━━━━━━━━━━━━━━━━━ 876.4/876.4 kB 6.5 MB/s  0:00:00
#11 16.58 Collecting sigstore==4.5.0 (from -r requirements-build.lock (line 58))
#11 16.65   Downloading sigstore-4.5.0-py3-none-any.whl (111 kB)
#11 16.73 Collecting sigstore-models==0.0.6 (from -r requirements-build.lock (line 60))
#11 16.80   Downloading sigstore_models-0.0.6-py3-none-any.whl (13 kB)
#11 16.87 Collecting sigstore-rekor-types==0.0.18 (from -r requirements-build.lock (line 62))
#11 16.94   Downloading sigstore_rekor_types-0.0.18-py3-none-any.whl (20 kB)
#11 17.03 Collecting tuf==7.0.1 (from -r requirements-build.lock (line 64))
#11 17.10   Downloading tuf-7.0.1-py3-none-any.whl (56 kB)
#11 17.22 Collecting typing-extensions==4.16.0 (from -r requirements-build.lock (line 66))
#11 17.36   Downloading typing_extensions-4.16.0-py3-none-any.whl (45 kB)
#11 17.43 Collecting typing-inspection==0.4.4 (from -r requirements-build.lock (line 68))
#11 17.50   Downloading typing_inspection-0.4.4-py3-none-any.whl (14 kB)
#11 17.58 Collecting urllib3==2.7.0 (from -r requirements-build.lock (line 70))
#11 17.68   Downloading urllib3-2.7.0-py3-none-any.whl (131 kB)
#11 17.85 Installing collected packages: wheel, urllib3, typing-inspection, typing-extensions, tuf, sigstore-rekor-types, sigstore-models, sigstore, setuptools, securesystemslib, rich, rfc8785, rfc3161-client, requests, pyopenssl, pyjwt, pygments, pydantic-core, pydantic, pycparser, pyasn1, platformdirs, mdurl, markdown-it-py, idna, id, email-validator, dnspython, cryptography, charset-normalizer, cffi, certifi, annotated-types
#11 32.95 
#11 32.96 Successfully installed annotated-types-0.8.0 certifi-2026.7.22 cffi-2.1.1 charset-normalizer-3.5.1 cryptography-50.0.1 dnspython-2.8.0 email-validator-2.3.0 id-1.6.1 idna-3.19 markdown-it-py-4.2.0 mdurl-0.1.2 platformdirs-4.11.8 pyasn1-0.6.4 pycparser-3.0 pydantic-2.13.5 pydantic-core-2.46.5 pygments-2.21.0 pyjwt-2.14.0 pyopenssl-26.4.0 requests-2.34.2 rfc3161-client-1.0.8 rfc8785-0.1.4 rich-15.0.0 securesystemslib-1.5.1 setuptools-75.8.0 sigstore-4.5.0 sigstore-models-0.0.6 sigstore-rekor-types-0.0.18 tuf-7.0.1 typing-extensions-4.16.0 typing-inspection-0.4.4 urllib3-2.7.0 wheel-0.45.1
#11 32.96 WARNING: Running pip as the 'root' user can result in broken permissions and conflicting behaviour with the system package manager, possibly rendering your system unusable. It is recommended to use a virtual environment instead: https://pip.pypa.io/warnings/venv. Use the --root-user-action option if you know what you are doing and want to suppress this warning.
#11 34.17 Processing ./.
#11 34.18   Preparing metadata (pyproject.toml): started
#11 35.34   Preparing metadata (pyproject.toml): finished with status 'done'
#11 35.35 Building wheels for collected packages: meco-news
#11 35.36   Building wheel for meco-news (pyproject.toml): started
#11 35.93   Building wheel for meco-news (pyproject.toml): finished with status 'done'
#11 35.93   Created wheel for meco-news: filename=meco_news-2.0.0-py3-none-any.whl size=129139 sha256=a51ddec6111fe594c5dec26ec07a6088b6fe50c67f37a29ff22b51b752fa951a
#11 35.93   Stored in directory: /tmp/pip-ephem-wheel-cache-eey7lk9l/wheels/07/87/84/d6d37ed51b4a90deb895b0bf478216e5d13b18d33a79e00046
#11 35.94 Successfully built meco-news
#11 DONE 38.8s

#12 [runtime 3/6] COPY --from=builder /build/wheels/meco_news-*.whl /tmp/
#12 DONE 4.0s

#13 [runtime 4/6] RUN python -m pip install --no-cache-dir --no-index --no-deps /tmp/meco_news-*.whl     && rm -f /tmp/meco_news-*.whl     && useradd --create-home --uid 10001 --shell /usr/sbin/nologin meco     && mkdir -p /app/data /app/config     && chown -R meco:meco /app/data     && chmod 0555 /app /usr/local/lib/python3.14/site-packages/meco_news     && chmod -R a=rX /usr/local/lib/python3.14/site-packages/meco_news
#13 5.932 Processing /tmp/meco_news-2.0.0-py3-none-any.whl
#13 6.062 Installing collected packages: meco-news
#13 6.666 Successfully installed meco-news-2.0.0
#13 6.667 WARNING: Running pip as the 'root' user can result in broken permissions and conflicting behaviour with the system package manager, possibly rendering your system unusable. It is recommended to use a virtual environment instead: https://pip.pypa.io/warnings/venv. Use the --root-user-action option if you know what you are doing and want to suppress this warning.
#13 DONE 11.8s

#14 [runtime 5/6] COPY config ./config
#14 DONE 2.7s

#15 [runtime 6/6] RUN chown -R root:root /app/config && chmod -R a=rX /app/config
#15 DONE 4.2s

#16 exporting to image
#16 exporting layers
#16 exporting layers 13.3s done
#16 exporting manifest sha256:ec3a9f0f4f1fb36e250dd85fad130be62e310e9a8f82d87054803501b3e6453e
#16 exporting manifest sha256:ec3a9f0f4f1fb36e250dd85fad130be62e310e9a8f82d87054803501b3e6453e 0.5s done
#16 exporting config sha256:cd7153e8a4837d59f40528256f8085d8a387481f84a87e5253b90cbe6f3f34cb
#16 exporting config sha256:cd7153e8a4837d59f40528256f8085d8a387481f84a87e5253b90cbe6f3f34cb 0.6s done
#16 exporting attestation manifest sha256:3108178cdc75f6ca10816031ef2f3f3780f67a637282a3235b27af889cf0b4dc
#16 exporting attestation manifest sha256:3108178cdc75f6ca10816031ef2f3f3780f67a637282a3235b27af889cf0b4dc 1.2s done
#16 exporting manifest list sha256:ff74ac361f241fef7510f3b04c65b04190618cecc7b07fd53b215edc13c06a89
#16 exporting manifest list sha256:ff74ac361f241fef7510f3b04c65b04190618cecc7b07fd53b215edc13c06a89 0.7s done
#16 naming to docker.io/library/meco-news:phase3-20260912
#16 naming to docker.io/library/meco-news:phase3-20260912 0.2s done
#16 unpacking to docker.io/library/meco-news:phase3-20260912
#16 unpacking to docker.io/library/meco-news:phase3-20260912 3.8s done
#16 DONE 20.9s
